RAM Allocation [bytes]
Variable                                                                          Address   Size
------------------------------------------------------------------------------------------------
twi_tx_index                                                                      0x02AF       1
twi_rx_index                                                                      0x02B0       1
twi_result                                                                        0x02B1       1
seconds                                                                           0x02B2       2
minutes                                                                           0x02B4       2
hours                                                                             0x02B6       2
second_flag                                                                       0x02B8       2
baseSpeed                                                                         0x02BA       4
scaledSpeed                                                                       0x02BE       4
steer_offset                                                                      0x02C2       4
offsetScaled                                                                      0x02C6       4
leftSpeedVal                                                                      0x02CA       4
rightSpeedVal                                                                     0x02CE       4
buffer                                                                            0x02D2      20
temp                                                                              0x02E6       2
directionFlag                                                                     0x02E8       2
int_button_used                                                                   0x02EA       1
turn_brake_light                                                                  0x02EB       1
toggle                                                                            0x02EC       2
toggle_4                                                                          0x02EE       2
buffer_time                                                                       0x02F0      20
firstKey                                                                          0x0304       2
secondKey                                                                         0x0306       2
timer_toggle                                                                      0x0308       1
count                                                                             0x0309       2
slave_address                                                                     0x030B       1
twi_tx_buffer                                                                     0x030C       2
bytes_to_tx                                                                       0x030E       1
twi_rx_buffer                                                                     0x030F       2
bytes_to_rx                                                                       0x0311       1
twi_rx_buffer_size                                                                0x0312       1
twi_slave_rx_handler                                                              0x0313       2
twi_slave_tx_handler                                                              0x0315       2

EEPROM Allocation [bytes]
Variable                                                                          Address   Size
------------------------------------------------------------------------------------------------

Register Allocation
Variable                                                                          Register  Size
------------------------------------------------------------------------------------------------
fuel_level                                                                        R4,R5        2
speed_value                                                                       R6,R7        2
steering_value                                                                    R8,R9        2
brake_applied                                                                     R10,R11      2
headlights_on                                                                     R12,R13      2
twi_flag                                                                          R2.0      1bit
twi_ready                                                                         R2.1      1bit

FLASH Allocation [words]
Function                                                                          Address   Size
------------------------------------------------------------------------------------------------
twi_lcd_write                                                                     0x00134     19
lcd_send_nibble                                                                   0x00147     30
lcd_send_byte                                                                     0x00165     13
lcd_cmd                                                                           0x00172      6
lcd_data                                                                          0x00178      6
lcd_init                                                                          0x0017E     35
lcd_print                                                                         0x001A1     15
lcd_gotoxy                                                                        0x001B0     40
display_time_on_lcd                                                               0x001D8     42
lm75_write_register                                                               0x00202     49
lm75_write_config                                                                 0x00233     15
lm75_set_tos                                                                      0x00242     17
lm75_read_temp                                                                    0x00253     60
read_keypad_2x2                                                                   0x0028F     42
read_keypad_2x2_debounced                                                         0x002B9     33
update_fuel_usage                                                                 0x002DA     14
beep_when_reverse                                                                 0x002E8     22
setLeftMotorDirection                                                             0x002FE     26
setLeftMotorSpeed                                                                 0x00318     18
setRightMotorSpeed                                                                0x0032A     18
setRightMotorDirection                                                            0x0033C     27
ext_int2_isr                                                                      0x00357     16
timer0_ovf_isr                                                                    0x00367     83
read_adc                                                                          0x003BA     14
updateMotorControl                                                                0x003C8    297
lcd_display                                                                       0x004F1     46
main                                                                              0x0051F    283
putchar                                                                           0x0063A      7
put_usart_G100                                                                    0x00641      9
put_buff_G100                                                                     0x0064A     56
_print_G100                                                                       0x00682    308
sprintf                                                                           0x007B6     46
printf                                                                            0x007E4     31
twi_master_init                                                                   0x00803     41
twi_master_trans                                                                  0x0082C    107
twi_int_handler                                                                   0x00897    357
strlen                                                                            0x009FC     12
strlenf                                                                           0x00A08     13
